  Determining projects to restore...
  Restored /app/GpuPvSetup/GpuPvSetup.csproj (in 558 ms).
